// Jest Snapshot v1, https://goo.gl/fbAQLP

exports[`Navbar should match snapshot 1`] = `
<nav
  className="navbar"
>
  <NavLink
    activeClassName="selected"
    className="tab"
    exact={true}
    to="/"
  >
    Home Page
  </NavLink>
  <NavLink
    activeClassName="selected"
    className="tab"
    exact={true}
    to="/watchlist"
  >
    Your Watchlist
  </NavLink>
</nav>
`;
